################################################################################
#                                                                              #
#    Micro Series 6801 Assembler V2.00/DOS              09/Sep/16  24:32:45    #
#                                                                              #
#       Source   =   ej5.msa                                                   #
#       List     =   ej5.lst                                                   #
#       Object   =   ej5.r07                                                   #
#       Options  =                                                             #
#                                                                              #
#                                               (c) Copyright IAR Systems 1990 #
################################################################################


    1  0000                   p68H11  
    2                 
    3                 ** configuraciones
    4  2070           SPOS    equ     $2070
    5  2000           OUT     equ     $2000
    6                 
    7                 ** programa principal
    8  2001                   org     $2001
    9  2001 C600              ldab    #$0
   10  2003 CE2070            ldx     #SPOS
   11  2006 2002              bra     inicio **necesito saltear el incremento de la longitud del string en la primera iteracion
   12                 
   13                 
   14                 *** incremento longitud del string, y puntero del proximo caracter a leer
   15  2008 08        count   inx
   16  2009 5C                incb
   17                 
   18                 
   19  200A A600      inicio  ldaa    0,X
   20  200C 810D              cmpa    #$0D
   21  200E 26F8              bne     count   **si no lei caracter final debo contar un caracter mas, y luego volver a revisar
   22                 
   23                 ** cargo el resultado en OUT
   24  2010 F72000            stab    OUT 
   25  2013 3F                swi
   26                 
   27                 *** Aqui almaceno el string a anlizar
   28  2070                   ORG     SPOS
   29  2070 494E5452          FCC     'INTROCOM ES DIVERTIDO'
       2074 4F434F4D
       2078 20455320
       207C 44495645
       2080 52544944
       2084 4F
   30  2085 0D                FCB     $0D
   31                 
   32  2086                   END

    Errors:  None           #######
    Bytes:   41             # ej5 #
    CRC:     81BA           #######

